// Jest Snapshot v1, https://goo.gl/fbAQLP

exports[`matches snapshot 1`] = `
<div>
  <h2>
    chaemin
  </h2>
  <p>
    estj
  </p>
</div>
`;
